2015-06-24 17:28:09 sev:1 msg:Test message\0
2015-06-24 17:28:26 sev:1 msg:Test message\0
